// Jest Snapshot v1, https://goo.gl/fbAQLP

exports[`<App /> should render a <div> 1`] = `
<div>
  <Search
    handleSearch={[Function]}
  />
  <ReviewEntry
    allData={Array []}
    current={Array []}
  />
</div>
`;
